<html>
<body>
<pre>
<h1>µVision Build Log</h1>
<h2>Tool Versions:</h2>
IDE-Version: ÂµVision V5.34.0.0
Copyright (C) 2021 ARM Ltd and ARM Germany GmbH. All rights reserved.
License Information: Stijn Sluis, Vrije Universiteit Amsterdam, LIC=----
 
Tool Versions:
Toolchain:       MDK-ARM Professional  Version: 5.34.0.0
Toolchain Path:  C:\Keil_v5\ARM\ARMCC\Bin
C Compiler:      Armcc.exe V5.06 update 7 (build 960)
Assembler:       Armasm.exe V5.06 update 7 (build 960)
Linker/Locator:  ArmLink.exe V5.06 update 7 (build 960)
Library Manager: ArmAr.exe V5.06 update 7 (build 960)
Hex Converter:   FromElf.exe V5.06 update 7 (build 960)
CPU DLL:         SARMCM3.DLL V5.34.0.0
Dialog DLL:      DARMCM1.DLL V1.19.4.0
Target DLL:      UL2CM3.DLL V1.163.9.0
Dialog DLL:      TARMCM1.DLL V1.14.3.0
 
<h2>Project:</h2>
C:\Users\Stijn\Documents\pixy2-original\src\device\main_m0\main_m0.uvproj
Project File Date:  04/06/2021

<h2>Output:</h2>
*** Using Compiler 'V5.06 update 7 (build 960)', folder: 'C:\Keil_v5\ARM\ARMCC\Bin'
Build Project 'main_m0' - Target 'main_m0'
compiling main_m0.c...
linking...
Program Size: Code=6624 RO-data=216 RW-data=104 ZI-data=3976  
FromELF: creating hex file...
.\m0\m0.hex: Warning: Q9931W: Your license for feature Keil will expire in 29 days
Finished: 0 information, 1 warning and 0 error messages.
After Build - User command #1: fromelf --cadcombined --output="m0_image.c" ".\m0\m0.axf"
Warning: Q9931W: Your license for feature Keil will expire in 29 days
Finished: 0 information, 1 warning and 0 error messages.
".\m0\m0.axf" - 0 Error(s), 0 Warning(s).
Build Time Elapsed:  00:00:01
</pre>
</body>
</html>
